// Jest Snapshot v1, https://goo.gl/fbAQLP

exports[`Todos Stories initial state should match a snapshot 1`] = `
Object {
  "todos": Array [],
  "todosFilter": "",
}
`;
